---
source: tui/src/markdown_render_tests.rs
expression: text
---
Text::from_iter([
    Line::from_iter([
        Span::from("Use "),
        Span::from("src/main.rs").cyan(),
        Span::from(" and "),
        Span::from("./").cyan(),
    ]),
    Line::from_iter([
        Span::from("src/lib.rs").cyan(),
        Span::from("."),
    ]),
])
