---
source: tui/src/app/tests.rs
expression: "render_bottom_popup(&app.chat_widget, 80)"
---
  Agents
  Select an agent to watch. ⌥ + ← previous, ⌥ + → next.

  Filter by ref, name, role, path, or UUID
› 2 • /root/worker (wake · approval)  00000000-0000-0000-0000-000000000123 ·
                                      running · approval pending

  /root/worker
  running · ref 2
  UUID: 00000000-0000-0000-0000-000000000123
  Path: /root/worker

  Response: wake · current turn
  Commentary: none
  Queued: 0
  Children: 0
  Approval: pending



  ctrl + t inspects transcript · Tab opens controls.
  Press enter to confirm or esc to go back
