---
source: tui/src/app/composer_hints_tests.rs
assertion_line: 202
expression: "crate::chatwidget::tests::helpers::normalize_snapshot_paths(snapshots.join(\"\\n\\n\"))"
---
80 columns
› question

                                    Tip: Press f12 to search this conversation.

› Ask Codex to do anything

  gpt-5.6-sol default · /tmp/project
  ? for shortcuts

32 columns
› question



› Ask Codex to do anything

  gpt-5.6-sol default · /tmp/pr…
  ? for shortcuts
