---
source: tui/src/app/agents_overview_actions_tests.rs
assertion_line: 765
expression: rendered
---
  Permanently delete “Current task”?
  This stops any running work in the selected task and permanently
  deletes its history. Child agents are kept. This cannot be undone.


› 1. Cancel
  2. Permanently delete selected task

  enter select · esc back
