---
source: tui/src/tooltips/keybinding_tests.rs
assertion_line: 42
expression: "lines.iter().map(|line| format!(\"{line:?}\")).collect::<Vec<_>>().join(\"\\n\")"
---
Line::from("Default")
Line::from_iter([Span::from("Tip:").bold(), Span::from(" Press "), Span::from("tab").cyan(), Span::from(" to queue a message when a")])
Line::from("task is running; otherwise it sends")
Line::from_iter([Span::from("immediately (except "), Span::from("!").cyan(), Span::from(").")])
Line::default()
Line::from_iter([Span::from("Tip:").bold(), Span::from(" Use "), Span::from("/copy").bold(), Span::from(" or press "), Span::from("ctrl+o").cyan(), Span::from(" to copy")])
Line::from("the latest agent response as Markdown.")
Line::default()
Line::from_iter([Span::from("Tip:").bold(), Span::from(" Press "), Span::from("ctrl+t").cyan(), Span::from(" to open the full")])
Line::from("transcript.")
Line::default()
Line::from_iter([Span::from("Tip:").bold(), Span::from(" Press "), Span::from("f3").cyan(), Span::from(" to search this")])
Line::from("conversation.")
Line::default()
Line::from_iter([Span::from("Tip:").bold(), Span::from(" Press "), Span::from("ctrl+g").cyan(), Span::from(" to edit your current")])
Line::from("draft in an external editor.")
Line::default()
Line::from_iter([Span::from("Tip:").bold(), Span::from(" Press "), Span::from("ctrl+r").cyan(), Span::from(" to search previously")])
Line::from("entered prompts.")
Line::default()
Line::from_iter([Span::from("Tip:").bold(), Span::from(" For models with adjustable")])
Line::from_iter([Span::from("reasoning, press "), Span::from("⌥+.").cyan(), Span::from(" to increase")])
Line::from_iter([Span::from("reasoning effort or "), Span::from("⌥+,").cyan(), Span::from(" to decrease it.")])
Line::default()
Line::from("Remapped")
Line::from_iter([Span::from("Tip:").bold(), Span::from(" Press "), Span::from("ctrl+x q").cyan(), Span::from(" to queue a message")])
Line::from("when a task is running; otherwise it")
Line::from_iter([Span::from("sends immediately (except "), Span::from("!").cyan(), Span::from(").")])
Line::default()
Line::from_iter([Span::from("Tip:").bold(), Span::from(" Use "), Span::from("/copy").bold(), Span::from(" or press "), Span::from("ctrl+x `").cyan(), Span::from(" to copy")])
Line::from("the latest agent response as Markdown.")
Line::default()
Line::from_iter([Span::from("Tip:").bold(), Span::from(" Press "), Span::from("ctrl+x t").cyan(), Span::from(" to open the full")])
Line::from("transcript.")
Line::default()
Line::from_iter([Span::from("Tip:").bold(), Span::from(" Press "), Span::from("ctrl+x f").cyan(), Span::from(" to search this")])
Line::from("conversation.")
Line::default()
Line::from_iter([Span::from("Tip:").bold(), Span::from(" Press "), Span::from("ctrl+x e").cyan(), Span::from(" to edit your current")])
Line::from("draft in an external editor.")
Line::default()
Line::from_iter([Span::from("Tip:").bold(), Span::from(" Press "), Span::from("ctrl+x r").cyan(), Span::from(" to search previously")])
Line::from("entered prompts.")
Line::default()
Line::from_iter([Span::from("Tip:").bold(), Span::from(" For models with adjustable")])
Line::from_iter([Span::from("reasoning, press "), Span::from("ctrl+x +").cyan(), Span::from(" to increase")])
Line::from_iter([Span::from("reasoning effort or "), Span::from("ctrl+x -").cyan(), Span::from(" to decrease")])
Line::from("it.")
Line::default()
