---
source: tui/src/bottom_pane/chat_composer.rs
assertion_line: 5496
expression: terminal.backend()
---
"› /diff        show git diff (including untracked files)                                            "
"  /disconnect  detach from a shared server and leave work running                                   "
"                                                                                                    "
"› /dide tail                                                                                        "
"                                                                                                    "
"                                                                                                    "
"                                                                                                    "
"                                                                                                    "
"                                                                  100% context left | Vim: Replace  "
