---
source: tui/src/chatwidget/tests/model_display_name_tests.rs
expression: normalized_backend_snapshot(terminal.backend())
---
"                                                                                "
"                                                                                "
"› Ask Codex to do anything                                                      "
"                                                                                "
"  us.openai.gpt-5.6-luna · us.openai.gpt-5.6-luna high                          "
