---
source: tui/src/chatwidget/tests/popups_and_settings.rs
assertion_line: 4072
expression: snapshot
---
"                                                                                "
"                                                                                "
"› Ask Codex to do anything                                                      "
"                                                                                "
"  gpt-5.5 max                                                                   "
