---
source: tui/src/history_cell/tests.rs
expression: rendered
---
/ps

Background terminals

  • echo hello (wake)
    and then some extra text
    ↳ hello
      done
    id 1000
  • (
      sleep 120
    )
    id 1001
  • sleep 1
    sleep 120
    id 1002
  • rg "foo" src (presentation only · queued)
    ↳ src/main.rs:12:foo
    id 1003
  • sleep 10 (passive)
    id 1004
